<h1 id="md-heading-0">Sample Navigation</h1>
<p>Use these standard Markdown links to test Back and Forward navigation between existing sample files.</p>
<ul>
<li><a href="full.md">Full Markdown sample</a></li>
<li><a href="codeblocks.md">Code blocks</a></li>
<li><a href="long-footnotes.md">Long footnotes</a></li>
<li><a href="rtl-test.md">Right-to-left text</a></li>
<li><a href="toml-frontmatter.md">TOML frontmatter</a></li>
</ul>
